[portobsb.adminbsb-themes.com/bg-particles.html]
[backblue.gif]
[fade.gif]
[index.html]
[portobsb.adminbsb-themes.com/favicon.ico]
[portobsb.adminbsb-themes.com/assets/lib/bootstrap/dist/css/bootstrap.min.css]
[portobsb.adminbsb-themes.com/assets/lib/animate.css/animate.min.css]
[portobsb.adminbsb-themes.com/assets/lib/line-awesome/dist/css/line-awesome.min.css]
[portobsb.adminbsb-themes.com/assets/lib/simplebar/dist/simplebar.css]
[portobsb.adminbsb-themes.com/assets/lib/owl.carousel/dist/assets/owl.carousel.min.css]
[portobsb.adminbsb-themes.com/assets/lib/owl.carousel/dist/assets/owl.theme.default.min.css]
[portobsb.adminbsb-themes.com/assets/lib/magnific-popup/dist/magnific-popup.css]
[portobsb.adminbsb-themes.com/assets/css/style.css]
[portobsb.adminbsb-themes.com/assets/css/bg-types/bg-particles.css]
[portobsb.adminbsb-themes.com/assets/css/themes/all.css]
[portobsb.adminbsb-themes.com/assets/css/colors/all.css]
[portobsb.adminbsb-themes.com/assets/css/demo.css]
[portobsb.adminbsb-themes.com/assets/images/avatars/face4.jpg]
[portobsb.adminbsb-themes.com/assets/images/avatars/face2.jpg]
[portobsb.adminbsb-themes.com/assets/images/avatars/face6.jpg]
[portobsb.adminbsb-themes.com/assets/images/avatars/face10.jpg]
[portobsb.adminbsb-themes.com/assets/images/avatars/face7.jpg]
[portobsb.adminbsb-themes.com/assets/images/avatars/face8.jpg]
[portobsb.adminbsb-themes.com/assets/images/portfolio/photo/photo_1.jpg]
[portobsb.adminbsb-themes.com/assets/images/portfolio/design/design_3.jpg]
[portobsb.adminbsb-themes.com/assets/images/portfolio/music/music_1.jpg]
[portobsb.adminbsb-themes.com/assets/images/portfolio/design/design_1.jpg]
[portobsb.adminbsb-themes.com/assets/images/portfolio/photo/photo_2.jpg]
[portobsb.adminbsb-themes.com/assets/images/portfolio/video/video_2.jpg]
[portobsb.adminbsb-themes.com/assets/images/portfolio/music/music_2.jpg]
[portobsb.adminbsb-themes.com/assets/images/portfolio/design/design_2.jpg]
[portobsb.adminbsb-themes.com/assets/images/portfolio/video/video_1.jpg]
[portobsb.adminbsb-themes.com/assets/images/blog/blog_1.jpg]
[portobsb.adminbsb-themes.com/assets/images/blog/blog_2.jpg]
[portobsb.adminbsb-themes.com/assets/images/blog/blog_3.jpg]
[portobsb.adminbsb-themes.com/assets/images/blog/blog_4.jpg]
[portobsb.adminbsb-themes.com/assets/images/blog/blog_5.jpg]
[portobsb.adminbsb-themes.com/assets/images/blog/blog_6.jpg]
[portobsb.adminbsb-themes.com/assets/lib/jquery/dist/jquery.min.js]
[portobsb.adminbsb-themes.com/assets/lib/bootstrap/dist/js/bootstrap.min.js]
[portobsb.adminbsb-themes.com/assets/lib/typed.js/lib/typed.min.js]
[portobsb.adminbsb-themes.com/assets/lib/simplebar/dist/simplebar.js]
[portobsb.adminbsb-themes.com/assets/lib/owl.carousel/dist/owl.carousel.min.js]
[portobsb.adminbsb-themes.com/assets/lib/imagesloaded/imagesloaded.pkgd.min.js]
[portobsb.adminbsb-themes.com/assets/lib/masonry-layout/dist/masonry.pkgd.min.js]
[portobsb.adminbsb-themes.com/assets/js/masonry-filter.js]
[portobsb.adminbsb-themes.com/assets/js/bg-particles.js]
[portobsb.adminbsb-themes.com/assets/lib/particles.js/particles.js]
[portobsb.adminbsb-themes.com/assets/lib/magnific-popup/dist/jquery.magnific-popup.min.js]
[portobsb.adminbsb-themes.com/assets/lib/mobile-detect/mobile-detect.min.js]
[portobsb.adminbsb-themes.com/assets/js/script.js]
[portobsb.adminbsb-themes.com/assets/js/demo.js]
[portobsb.adminbsb-themes.com/bg-particles.html]
[portobsb.adminbsb-themes.com/assets/lib/bootstrap/dist/css/bootstrap.min.css]
[portobsb.adminbsb-themes.com/assets/lib/animate.css/animate.min.css]
[portobsb.adminbsb-themes.com/assets/js/google-tag-manager.js]
[portobsb.adminbsb-themes.com/assets/lib/line-awesome/dist/fonts/line-awesomeeb4f.eot]
[portobsb.adminbsb-themes.com/assets/lib/line-awesome/dist/fonts/line-awesome0176.eot]
[portobsb.adminbsb-themes.com/assets/lib/line-awesome/dist/fonts/line-awesomeeb4f.woff]
[portobsb.adminbsb-themes.com/assets/lib/line-awesome/dist/fonts/line-awesomeeb4f.ttf]
[portobsb.adminbsb-themes.com/assets/lib/line-awesome/dist/css/line-awesome.min.css]
[portobsb.adminbsb-themes.com/assets/lib/simplebar/dist/simplebar.css]
[portobsb.adminbsb-themes.com/assets/lib/owl.carousel/dist/assets/owl.video.play.png]
[portobsb.adminbsb-themes.com/assets/lib/owl.carousel/dist/assets/owl.carousel.min.css]
[portobsb.adminbsb-themes.com/assets/lib/owl.carousel/dist/assets/owl.theme.default.min.css]
[portobsb.adminbsb-themes.com/assets/lib/magnific-popup/dist/magnific-popup.css]
[portobsb.adminbsb-themes.com/assets/images/main_bg.jpg]
[portobsb.adminbsb-themes.com/assets/lib/line-awesome/dist/fonts/line-awesomeeb4f.svg]
[portobsb.adminbsb-themes.com/assets/css/style.css]
[portobsb.adminbsb-themes.com/assets/css/bg-types/bg-particles.css]
[portobsb.adminbsb-themes.com/assets/css/themes/all.css]
[portobsb.adminbsb-themes.com/assets/css/colors/all.css]
[portobsb.adminbsb-themes.com/assets/css/demo.css]
[portobsb.adminbsb-themes.com/assets/lib/line-awesome/dist/fonts/line-awesomeeb4f.html]
[portobsb.adminbsb-themes.com/assets/lib/line-awesome/dist/fonts/line-awesomeeb4f.svg]
